// Jest Snapshot v1, https://goo.gl/fbAQLP

exports[`Prueba con GifGrid debe de mostrarse correctamente el componente 1`] = `
<Fragment>
  <h3
    className="animate__animated animate__fadeIn"
  >
    Marvel
  </h3>
  <p
    className="animate__animated animate__flash"
  >
    Loading...
  </p>
  <div
    className="card-grid"
  />
</Fragment>
`;
